// Jest Snapshot v1, https://goo.gl/fbAQLP

exports[`ActiveButton.test.js.snap 1`] = `
<div
  className="MobileCompany"
>
  <input
    onClick={[Function]}
    type="button"
    value="Все"
  />
  <input
    onClick={[Function]}
    type="button"
    value="Активные"
  />
  <input
    onClick={[Function]}
    type="button"
    value="Заблокированные"
  />
  <hr />
  <table
    className="MobileCompanyClients"
  >
    <thead>
      <tr>
        <th>
          Фамилия
        </th>
        <th>
          Имя
        </th>
        <th>
          Отчество
        </th>
        <th>
          Баланс
        </th>
        <th>
          Статус
        </th>
        <th>
          Редактировать
        </th>
        <th>
          Удалить
        </th>
      </tr>
    </thead>
    <tbody>
      <tr>
        <td>
          Иванов
        </td>
        <td>
          Иван
        </td>
        <td>
          Иванович
        </td>
        <td>
          200
        </td>
        <td
          className="Active"
        >
          active
        </td>
        <td>
          <input
            onClick={[Function]}
            type="button"
            value="Редактировать"
          />
        </td>
        <td>
          <input
            onClick={[Function]}
            type="button"
            value="Удалить"
          />
        </td>
      </tr>
      <tr>
        <td>
          Сидоров
        </td>
        <td>
          Сидор
        </td>
        <td>
          Сидорович
        </td>
        <td>
          250
        </td>
        <td
          className="Active"
        >
          active
        </td>
        <td>
          <input
            onClick={[Function]}
            type="button"
            value="Редактировать"
          />
        </td>
        <td>
          <input
            onClick={[Function]}
            type="button"
            value="Удалить"
          />
        </td>
      </tr>
      <tr>
        <td>
          Петров
        </td>
        <td>
          Петр
        </td>
        <td>
          Петрович
        </td>
        <td>
          180
        </td>
        <td
          className="Active"
        >
          active
        </td>
        <td>
          <input
            onClick={[Function]}
            type="button"
            value="Редактировать"
          />
        </td>
        <td>
          <input
            onClick={[Function]}
            type="button"
            value="Удалить"
          />
        </td>
      </tr>
    </tbody>
  </table>
  <input
    onClick={[Function]}
    type="button"
    value="Добавить клиента"
  />
</div>
`;

exports[`ActiveButton.test.js.snap 2`] = `
<div
  className="MobileCompany"
>
  <input
    onClick={[Function]}
    type="button"
    value="Все"
  />
  <input
    onClick={[Function]}
    type="button"
    value="Активные"
  />
  <input
    onClick={[Function]}
    type="button"
    value="Заблокированные"
  />
  <hr />
  <table
    className="MobileCompanyClients"
  >
    <thead>
      <tr>
        <th>
          Фамилия
        </th>
        <th>
          Имя
        </th>
        <th>
          Отчество
        </th>
        <th>
          Баланс
        </th>
        <th>
          Статус
        </th>
        <th>
          Редактировать
        </th>
        <th>
          Удалить
        </th>
      </tr>
    </thead>
    <tbody>
      <tr>
        <td>
          Иванов
        </td>
        <td>
          Иван
        </td>
        <td>
          Иванович
        </td>
        <td>
          200
        </td>
        <td
          className="Active"
        >
          active
        </td>
        <td>
          <input
            onClick={[Function]}
            type="button"
            value="Редактировать"
          />
        </td>
        <td>
          <input
            onClick={[Function]}
            type="button"
            value="Удалить"
          />
        </td>
      </tr>
      <tr>
        <td>
          Сидоров
        </td>
        <td>
          Сидор
        </td>
        <td>
          Сидорович
        </td>
        <td>
          250
        </td>
        <td
          className="Active"
        >
          active
        </td>
        <td>
          <input
            onClick={[Function]}
            type="button"
            value="Редактировать"
          />
        </td>
        <td>
          <input
            onClick={[Function]}
            type="button"
            value="Удалить"
          />
        </td>
      </tr>
      <tr>
        <td>
          Петров
        </td>
        <td>
          Петр
        </td>
        <td>
          Петрович
        </td>
        <td>
          180
        </td>
        <td
          className="Active"
        >
          active
        </td>
        <td>
          <input
            onClick={[Function]}
            type="button"
            value="Редактировать"
          />
        </td>
        <td>
          <input
            onClick={[Function]}
            type="button"
            value="Удалить"
          />
        </td>
      </tr>
    </tbody>
  </table>
  <input
    onClick={[Function]}
    type="button"
    value="Добавить клиента"
  />
</div>
`;

exports[`ActiveButton.test.js.snap 3`] = `
<div
  className="MobileCompany"
>
  <input
    onClick={[Function]}
    type="button"
    value="Все"
  />
  <input
    onClick={[Function]}
    type="button"
    value="Активные"
  />
  <input
    onClick={[Function]}
    type="button"
    value="Заблокированные"
  />
  <hr />
  <table
    className="MobileCompanyClients"
  >
    <thead>
      <tr>
        <th>
          Фамилия
        </th>
        <th>
          Имя
        </th>
        <th>
          Отчество
        </th>
        <th>
          Баланс
        </th>
        <th>
          Статус
        </th>
        <th>
          Редактировать
        </th>
        <th>
          Удалить
        </th>
      </tr>
    </thead>
    <tbody>
      <tr>
        <td>
          Иванов
        </td>
        <td>
          Иван
        </td>
        <td>
          Иванович
        </td>
        <td>
          200
        </td>
        <td
          className="Active"
        >
          active
        </td>
        <td>
          <input
            onClick={[Function]}
            type="button"
            value="Редактировать"
          />
        </td>
        <td>
          <input
            onClick={[Function]}
            type="button"
            value="Удалить"
          />
        </td>
      </tr>
      <tr>
        <td>
          Сидоров
        </td>
        <td>
          Сидор
        </td>
        <td>
          Сидорович
        </td>
        <td>
          250
        </td>
        <td
          className="Active"
        >
          active
        </td>
        <td>
          <input
            onClick={[Function]}
            type="button"
            value="Редактировать"
          />
        </td>
        <td>
          <input
            onClick={[Function]}
            type="button"
            value="Удалить"
          />
        </td>
      </tr>
      <tr>
        <td>
          Петров
        </td>
        <td>
          Петр
        </td>
        <td>
          Петрович
        </td>
        <td>
          180
        </td>
        <td
          className="Active"
        >
          active
        </td>
        <td>
          <input
            onClick={[Function]}
            type="button"
            value="Редактировать"
          />
        </td>
        <td>
          <input
            onClick={[Function]}
            type="button"
            value="Удалить"
          />
        </td>
      </tr>
    </tbody>
  </table>
  <input
    onClick={[Function]}
    type="button"
    value="Добавить клиента"
  />
</div>
`;

exports[`ActiveButton.test.js.snap 4`] = `
<div
  className="MobileCompany"
>
  <input
    onClick={[Function]}
    type="button"
    value="Все"
  />
  <input
    onClick={[Function]}
    type="button"
    value="Активные"
  />
  <input
    onClick={[Function]}
    type="button"
    value="Заблокированные"
  />
  <hr />
  <table
    className="MobileCompanyClients"
  >
    <thead>
      <tr>
        <th>
          Фамилия
        </th>
        <th>
          Имя
        </th>
        <th>
          Отчество
        </th>
        <th>
          Баланс
        </th>
        <th>
          Статус
        </th>
        <th>
          Редактировать
        </th>
        <th>
          Удалить
        </th>
      </tr>
    </thead>
    <tbody>
      <tr>
        <td>
          Иванов
        </td>
        <td>
          Иван
        </td>
        <td>
          Иванович
        </td>
        <td>
          200
        </td>
        <td
          className="Active"
        >
          active
        </td>
        <td>
          <input
            onClick={[Function]}
            type="button"
            value="Редактировать"
          />
        </td>
        <td>
          <input
            onClick={[Function]}
            type="button"
            value="Удалить"
          />
        </td>
      </tr>
      <tr>
        <td>
          Сидоров
        </td>
        <td>
          Сидор
        </td>
        <td>
          Сидорович
        </td>
        <td>
          250
        </td>
        <td
          className="Active"
        >
          active
        </td>
        <td>
          <input
            onClick={[Function]}
            type="button"
            value="Редактировать"
          />
        </td>
        <td>
          <input
            onClick={[Function]}
            type="button"
            value="Удалить"
          />
        </td>
      </tr>
      <tr>
        <td>
          Петров
        </td>
        <td>
          Петр
        </td>
        <td>
          Петрович
        </td>
        <td>
          180
        </td>
        <td
          className="Active"
        >
          active
        </td>
        <td>
          <input
            onClick={[Function]}
            type="button"
            value="Редактировать"
          />
        </td>
        <td>
          <input
            onClick={[Function]}
            type="button"
            value="Удалить"
          />
        </td>
      </tr>
    </tbody>
  </table>
  <input
    onClick={[Function]}
    type="button"
    value="Добавить клиента"
  />
</div>
`;

exports[`AllButton.test.js.snap 1`] = `
<div
  className="MobileCompany"
>
  <input
    onClick={[Function]}
    type="button"
    value="Все"
  />
  <input
    onClick={[Function]}
    type="button"
    value="Активные"
  />
  <input
    onClick={[Function]}
    type="button"
    value="Заблокированные"
  />
  <hr />
  <table
    className="MobileCompanyClients"
  >
    <thead>
      <tr>
        <th>
          Фамилия
        </th>
        <th>
          Имя
        </th>
        <th>
          Отчество
        </th>
        <th>
          Баланс
        </th>
        <th>
          Статус
        </th>
        <th>
          Редактировать
        </th>
        <th>
          Удалить
        </th>
      </tr>
    </thead>
    <tbody>
      <tr>
        <td>
          Иванов
        </td>
        <td>
          Иван
        </td>
        <td>
          Иванович
        </td>
        <td>
          200
        </td>
        <td
          className="Active"
        >
          active
        </td>
        <td>
          <input
            onClick={[Function]}
            type="button"
            value="Редактировать"
          />
        </td>
        <td>
          <input
            onClick={[Function]}
            type="button"
            value="Удалить"
          />
        </td>
      </tr>
      <tr>
        <td>
          Сидоров
        </td>
        <td>
          Сидор
        </td>
        <td>
          Сидорович
        </td>
        <td>
          250
        </td>
        <td
          className="Active"
        >
          active
        </td>
        <td>
          <input
            onClick={[Function]}
            type="button"
            value="Редактировать"
          />
        </td>
        <td>
          <input
            onClick={[Function]}
            type="button"
            value="Удалить"
          />
        </td>
      </tr>
      <tr>
        <td>
          Петров
        </td>
        <td>
          Петр
        </td>
        <td>
          Петрович
        </td>
        <td>
          180
        </td>
        <td
          className="Active"
        >
          active
        </td>
        <td>
          <input
            onClick={[Function]}
            type="button"
            value="Редактировать"
          />
        </td>
        <td>
          <input
            onClick={[Function]}
            type="button"
            value="Удалить"
          />
        </td>
      </tr>
      <tr>
        <td>
          Григорьев
        </td>
        <td>
          Григорий
        </td>
        <td>
          Григорьевич
        </td>
        <td>
          -220
        </td>
        <td
          className="Blocked"
        >
          blocked
        </td>
        <td>
          <input
            onClick={[Function]}
            type="button"
            value="Редактировать"
          />
        </td>
        <td>
          <input
            onClick={[Function]}
            type="button"
            value="Удалить"
          />
        </td>
      </tr>
    </tbody>
  </table>
  <input
    onClick={[Function]}
    type="button"
    value="Добавить клиента"
  />
</div>
`;

exports[`BlockedButton.test.js.snap 1`] = `
<div
  className="MobileCompany"
>
  <input
    onClick={[Function]}
    type="button"
    value="Все"
  />
  <input
    onClick={[Function]}
    type="button"
    value="Активные"
  />
  <input
    onClick={[Function]}
    type="button"
    value="Заблокированные"
  />
  <hr />
  <table
    className="MobileCompanyClients"
  >
    <thead>
      <tr>
        <th>
          Фамилия
        </th>
        <th>
          Имя
        </th>
        <th>
          Отчество
        </th>
        <th>
          Баланс
        </th>
        <th>
          Статус
        </th>
        <th>
          Редактировать
        </th>
        <th>
          Удалить
        </th>
      </tr>
    </thead>
    <tbody>
      <tr>
        <td>
          Григорьев
        </td>
        <td>
          Григорий
        </td>
        <td>
          Григорьевич
        </td>
        <td>
          -220
        </td>
        <td
          className="Blocked"
        >
          blocked
        </td>
        <td>
          <input
            onClick={[Function]}
            type="button"
            value="Редактировать"
          />
        </td>
        <td>
          <input
            onClick={[Function]}
            type="button"
            value="Удалить"
          />
        </td>
      </tr>
    </tbody>
  </table>
  <input
    onClick={[Function]}
    type="button"
    value="Добавить клиента"
  />
</div>
`;
